<?xml version="1.0" encoding="UTF-8"?>
<testsuites name="Mocha Tests" time="0.0010" tests="1" failures="0">
  <testsuite name="Root Suite" timestamp="2025-03-16T05:10:09" tests="0" time="0.0000" failures="0">
  </testsuite>
  <testsuite name="First Test Suite" timestamp="2025-03-16T05:10:09" tests="1" file="C:\Users\User\DevOpsSecCA\test\first.test.js" time="0.0010" failures="0">
    <testcase name="First Test Suite should pass a simple test" time="0.0010" classname="should pass a simple test">
    </testcase>
  </testsuite>
</testsuites>